[INFO]: 
    			-----------------------------------------

    			 OPTKING 3.0: for geometry optimizations 

    			     By R.A. King, Bethel University     

    			        with contributions from          

    			    A.V. Copan, J. Cayton, A. Heide      

    			-----------------------------------------

    
[INFO]: 	Generating molecular system for optimization from PSI4.
[INFO]: 	1 fragments in PSI4 molecule object.
[INFO]: 	Creating fragment 1 with 3 atoms
[INFO]: 	Augmenting connectivity matrix to join fragments.
[CRITICAL]: 1
[WARNING]: This method should be adjusted after dimer fragments
[INFO]: PLANNING FD:  dermode=(1, 0) keywords={'DERTYPE': 'NONE', 'FREEZE_CORE': 'TRUE', 'REFERENCE': 'ROHF', 'ROOTS_PER_IRREP': [0, 1], 'function_kwargs': {}, 'SCF__E_CONVERGENCE': 1e-10, 'SCF__D_CONVERGENCE': 1e-10, 'E_CONVERGENCE': 1e-08} findif_kw={'findif_stencil_size': 3, 'findif_step_size': 0.005, 'findif_verbose': 1} kw={}
[INFO]: 
         ----------------------------------------------------------
                                   FINDIF
                     R. A. King and Jonathon Misiewicz
         ----------------------------------------------------------


[INFO]:   Using finite-differences of energies to determine gradients.
    Generating geometries for use with 3-point formula.
    Displacement size will be 5.00e-03.

[INFO]:     Number of atoms is 3.
    Number of symmetric SALCs is 3.
    Translations projected? 1. Rotations projected? 1.

[INFO]:     Number of geometries (including reference) is 7.

[INFO]: <<< JSON launch ... cs 26.854389555552174
[INFO]: PLANNING Atomic:  keywords={'DERTYPE': 'NONE', 'SCF__D_CONVERGENCE': 1e-10, 'E_CONVERGENCE': 1e-08, 'SCF__E_CONVERGENCE': 1e-10, 'FREEZE_CORE': 'TRUE', 'PARENT_SYMMETRY': 'CS(Z)', 'REFERENCE': 'ROHF', 'ROOTS_PER_IRREP': [0, 1], 'function_kwargs': {}}
[INFO]: Compute energy(): method=ccsd, basis=aug-cc-pvdz, molecule=CFH, nre=26.854389555552174
[INFO]: Return energy(): -138.09529128169154
[INFO]: <<< JSON launch ... cs 26.847621749079252
[INFO]: PLANNING Atomic:  keywords={'DERTYPE': 'NONE', 'SCF__D_CONVERGENCE': 1e-10, 'E_CONVERGENCE': 1e-08, 'SCF__E_CONVERGENCE': 1e-10, 'FREEZE_CORE': 'TRUE', 'PARENT_SYMMETRY': 'CS(Z)', 'REFERENCE': 'ROHF', 'ROOTS_PER_IRREP': [0, 1], 'function_kwargs': {}}
[INFO]: Compute energy(): method=ccsd, basis=aug-cc-pvdz, molecule=CFH, nre=26.847621749079252
[INFO]: Return energy(): -138.0954894132419
[INFO]: <<< JSON launch ... cs 26.86117223495242
[INFO]: PLANNING Atomic:  keywords={'DERTYPE': 'NONE', 'SCF__D_CONVERGENCE': 1e-10, 'E_CONVERGENCE': 1e-08, 'SCF__E_CONVERGENCE': 1e-10, 'FREEZE_CORE': 'TRUE', 'PARENT_SYMMETRY': 'CS(Z)', 'REFERENCE': 'ROHF', 'ROOTS_PER_IRREP': [0, 1], 'function_kwargs': {}}
[INFO]: Compute energy(): method=ccsd, basis=aug-cc-pvdz, molecule=CFH, nre=26.86117223495242
[INFO]: Return energy(): -138.09508666621053
[INFO]: <<< JSON launch ... cs 26.860944601017334
[INFO]: PLANNING Atomic:  keywords={'DERTYPE': 'NONE', 'SCF__D_CONVERGENCE': 1e-10, 'E_CONVERGENCE': 1e-08, 'SCF__E_CONVERGENCE': 1e-10, 'FREEZE_CORE': 'TRUE', 'PARENT_SYMMETRY': 'CS(Z)', 'REFERENCE': 'ROHF', 'ROOTS_PER_IRREP': [0, 1], 'function_kwargs': {}}
[INFO]: Compute energy(): method=ccsd, basis=aug-cc-pvdz, molecule=CFH, nre=26.860944601017334
[INFO]: Return energy(): -138.0954544883726
[INFO]: <<< JSON launch ... cs 26.847840558718694
[INFO]: PLANNING Atomic:  keywords={'DERTYPE': 'NONE', 'SCF__D_CONVERGENCE': 1e-10, 'E_CONVERGENCE': 1e-08, 'SCF__E_CONVERGENCE': 1e-10, 'FREEZE_CORE': 'TRUE', 'PARENT_SYMMETRY': 'CS(Z)', 'REFERENCE': 'ROHF', 'ROOTS_PER_IRREP': [0, 1], 'function_kwargs': {}}
[INFO]: Compute energy(): method=ccsd, basis=aug-cc-pvdz, molecule=CFH, nre=26.847840558718694
[INFO]: Return energy(): -138.09512510444054
[INFO]: <<< JSON launch ... cs 26.870094770686098
[INFO]: PLANNING Atomic:  keywords={'DERTYPE': 'NONE', 'SCF__D_CONVERGENCE': 1e-10, 'E_CONVERGENCE': 1e-08, 'SCF__E_CONVERGENCE': 1e-10, 'FREEZE_CORE': 'TRUE', 'PARENT_SYMMETRY': 'CS(Z)', 'REFERENCE': 'ROHF', 'ROOTS_PER_IRREP': [0, 1], 'function_kwargs': {}}
[INFO]: Compute energy(): method=ccsd, basis=aug-cc-pvdz, molecule=CFH, nre=26.870094770686098
[INFO]: Return energy(): -138.09525511307018
[INFO]: <<< JSON launch ... cs 26.838708477696773
[INFO]: PLANNING Atomic:  keywords={'DERTYPE': 'NONE', 'SCF__D_CONVERGENCE': 1e-10, 'E_CONVERGENCE': 1e-08, 'SCF__E_CONVERGENCE': 1e-10, 'FREEZE_CORE': 'TRUE', 'PARENT_SYMMETRY': 'CS(Z)', 'REFERENCE': 'ROHF', 'ROOTS_PER_IRREP': [0, 1], 'function_kwargs': {}}
[INFO]: Compute energy(): method=ccsd, basis=aug-cc-pvdz, molecule=CFH, nre=26.838708477696773
[INFO]: Return energy(): -138.09532591024197
[INFO]:   Computing gradient from energies.
    Using 3-point formula.
    Energy without displacement: -138.0952912817
    Check energies below for precision!
    Forces are for mass-weighted, symmetry-adapted cartesians [a0].

[INFO]: 
     Coord      Energy(-1)        Energy(+1)            Force
        0   -138.0954894132   -138.0950866662      0.0402747031
        1   -138.0954544884   -138.0951251044      0.0329383932
        2   -138.0952551131   -138.0953259102     -0.0070797172
[INFO]: 
         -------------------------------------------------------------

[INFO]: PLANNING FD:  dermode=(1, 0) keywords={'DERTYPE': 'NONE', 'FREEZE_CORE': 'TRUE', 'REFERENCE': 'ROHF', 'ROOTS_PER_IRREP': [0, 1], 'function_kwargs': {}, 'SCF__E_CONVERGENCE': 1e-10, 'SCF__D_CONVERGENCE': 1e-10, 'E_CONVERGENCE': 1e-08} findif_kw={'findif_stencil_size': 3, 'findif_step_size': 0.005, 'findif_verbose': 1} kw={}
[INFO]: 
         ----------------------------------------------------------
                                   FINDIF
                     R. A. King and Jonathon Misiewicz
         ----------------------------------------------------------


[INFO]:   Using finite-differences of energies to determine gradients.
    Generating geometries for use with 3-point formula.
    Displacement size will be 5.00e-03.

[INFO]:     Number of atoms is 3.
    Number of symmetric SALCs is 3.
    Translations projected? 1. Rotations projected? 1.

[INFO]:     Number of geometries (including reference) is 7.

[INFO]: <<< JSON launch ... cs 26.854389555552174
[INFO]: PLANNING Atomic:  keywords={'DERTYPE': 'NONE', 'SCF__D_CONVERGENCE': 1e-10, 'E_CONVERGENCE': 1e-08, 'SCF__E_CONVERGENCE': 1e-10, 'FREEZE_CORE': 'TRUE', 'PARENT_SYMMETRY': 'CS(Z)', 'REFERENCE': 'ROHF', 'ROOTS_PER_IRREP': [0, 1], 'function_kwargs': {}}
[INFO]: Compute energy(): method=eom-ccsd, basis=aug-cc-pvdz, molecule=CFH, nre=26.854389555552174
[INFO]: Return energy(): -138.09443381590646
[INFO]: <<< JSON launch ... cs 26.847621749079252
[INFO]: PLANNING Atomic:  keywords={'DERTYPE': 'NONE', 'SCF__D_CONVERGENCE': 1e-10, 'E_CONVERGENCE': 1e-08, 'SCF__E_CONVERGENCE': 1e-10, 'FREEZE_CORE': 'TRUE', 'PARENT_SYMMETRY': 'CS(Z)', 'REFERENCE': 'ROHF', 'ROOTS_PER_IRREP': [0, 1], 'function_kwargs': {}}
[INFO]: Compute energy(): method=eom-ccsd, basis=aug-cc-pvdz, molecule=CFH, nre=26.847621749079252
[INFO]: Return energy(): -138.09440684675258
[INFO]: <<< JSON launch ... cs 26.86117223495242
[INFO]: PLANNING Atomic:  keywords={'DERTYPE': 'NONE', 'SCF__D_CONVERGENCE': 1e-10, 'E_CONVERGENCE': 1e-08, 'SCF__E_CONVERGENCE': 1e-10, 'FREEZE_CORE': 'TRUE', 'PARENT_SYMMETRY': 'CS(Z)', 'REFERENCE': 'ROHF', 'ROOTS_PER_IRREP': [0, 1], 'function_kwargs': {}}
[INFO]: Compute energy(): method=eom-ccsd, basis=aug-cc-pvdz, molecule=CFH, nre=26.86117223495242
[INFO]: Return energy(): -138.0944546342405
[INFO]: <<< JSON launch ... cs 26.860944601017334
[INFO]: PLANNING Atomic:  keywords={'DERTYPE': 'NONE', 'SCF__D_CONVERGENCE': 1e-10, 'E_CONVERGENCE': 1e-08, 'SCF__E_CONVERGENCE': 1e-10, 'FREEZE_CORE': 'TRUE', 'PARENT_SYMMETRY': 'CS(Z)', 'REFERENCE': 'ROHF', 'ROOTS_PER_IRREP': [0, 1], 'function_kwargs': {}}
[INFO]: Compute energy(): method=eom-ccsd, basis=aug-cc-pvdz, molecule=CFH, nre=26.860944601017334
[INFO]: Return energy(): -138.09447298929595
[INFO]: <<< JSON launch ... cs 26.847840558718694
[INFO]: PLANNING Atomic:  keywords={'DERTYPE': 'NONE', 'SCF__D_CONVERGENCE': 1e-10, 'E_CONVERGENCE': 1e-08, 'SCF__E_CONVERGENCE': 1e-10, 'FREEZE_CORE': 'TRUE', 'PARENT_SYMMETRY': 'CS(Z)', 'REFERENCE': 'ROHF', 'ROOTS_PER_IRREP': [0, 1], 'function_kwargs': {}}
[INFO]: Compute energy(): method=eom-ccsd, basis=aug-cc-pvdz, molecule=CFH, nre=26.847840558718694
[INFO]: Return energy(): -138.09439101247574
[INFO]: <<< JSON launch ... cs 26.870094770686098
[INFO]: PLANNING Atomic:  keywords={'DERTYPE': 'NONE', 'SCF__D_CONVERGENCE': 1e-10, 'E_CONVERGENCE': 1e-08, 'SCF__E_CONVERGENCE': 1e-10, 'FREEZE_CORE': 'TRUE', 'PARENT_SYMMETRY': 'CS(Z)', 'REFERENCE': 'ROHF', 'ROOTS_PER_IRREP': [0, 1], 'function_kwargs': {}}
[INFO]: Compute energy(): method=eom-ccsd, basis=aug-cc-pvdz, molecule=CFH, nre=26.870094770686098
[INFO]: Return energy(): -138.09438650038118
[INFO]: <<< JSON launch ... cs 26.838708477696773
[INFO]: PLANNING Atomic:  keywords={'DERTYPE': 'NONE', 'SCF__D_CONVERGENCE': 1e-10, 'E_CONVERGENCE': 1e-08, 'SCF__E_CONVERGENCE': 1e-10, 'FREEZE_CORE': 'TRUE', 'PARENT_SYMMETRY': 'CS(Z)', 'REFERENCE': 'ROHF', 'ROOTS_PER_IRREP': [0, 1], 'function_kwargs': {}}
[INFO]: Compute energy(): method=eom-ccsd, basis=aug-cc-pvdz, molecule=CFH, nre=26.838708477696773
[INFO]: Return energy(): -138.09447936779043
[INFO]:   Computing gradient from energies.
    Using 3-point formula.
    Energy without displacement: -138.0944338159
    Check energies below for precision!
    Forces are for mass-weighted, symmetry-adapted cartesians [a0].

[INFO]: 
     Coord      Energy(-1)        Energy(+1)            Force
        0   -138.0944068468   -138.0944546342     -0.0047787488
        1   -138.0944729893   -138.0943910125      0.0081976820
        2   -138.0943865004   -138.0944793678     -0.0092867409
[INFO]: 
         -------------------------------------------------------------

