 
Running threaded PSI4 on node17 
/home/qc//psi4conda/bin/psi4
 
Working and scratch directories
/home/mdavis/f12eom_optimizer/tests/slurm
/scratch/mdavis/PSI4_2022-08-16_12:52:57.918739951
 
use -n:  to specify number of threads
use -i:  to specify input  file     (default = input.dat)
use -o:  to specify output file     (default = file.out )
 
-h or --help for more options
 
Running...
Traceback (most recent call last):
  File "/home/mdavis/f12eom_optimizer/f12eom_optimizer/f12eom_optimizer.py", line 18, in <module>
    psi4.optimize(compute_psi4_gradient())
  File "/home/qc/psi4conda/lib/python2.7/site-packages/psi4/driver/driver.py", line 1037, in optimize
    lowername = name.lower()
AttributeError: 'psi4.core.Matrix' object has no attribute 'lower'
...Done
 
