export: Command not found.
export: Command not found.
export: Command not found.
export: Command not found.
Badly placed ()'s.
 
Running threaded PSI4 on node17 
/home/mdavis/anaconda3/envs/p4env/bin/psi4
 
Working and scratch directories
/home/mdavis/f12eom_optimizer/tests/slurm
/scratch/mdavis/PSI4_2022-08-17_15:17:44.144254634
 
use -n:  to specify number of threads
use -i:  to specify input  file     (default = input.dat)
use -o:  to specify output file     (default = file.out )
 
-h or --help for more options
 
Running...
/home/mdavis/anaconda3/envs/p4env/lib/python3.10/site-packages/psi4/driver/task_base.py:161: FutureWarning: Using the `local_options` keyword argument is deprecated in favor of using `task_config`, in version 0.30.0 it will stop working.
  self.result = qcng.compute(
/home/mdavis/anaconda3/envs/p4env/lib/python3.10/site-packages/psi4/driver/task_base.py:161: FutureWarning: Using the `local_options` keyword argument is deprecated in favor of using `task_config`, in version 0.30.0 it will stop working.
  self.result = qcng.compute(
/home/mdavis/anaconda3/envs/p4env/lib/python3.10/site-packages/psi4/driver/task_base.py:161: FutureWarning: Using the `local_options` keyword argument is deprecated in favor of using `task_config`, in version 0.30.0 it will stop working.
  self.result = qcng.compute(
/home/mdavis/anaconda3/envs/p4env/lib/python3.10/site-packages/psi4/driver/task_base.py:161: FutureWarning: Using the `local_options` keyword argument is deprecated in favor of using `task_config`, in version 0.30.0 it will stop working.
  self.result = qcng.compute(
/home/mdavis/anaconda3/envs/p4env/lib/python3.10/site-packages/psi4/driver/task_base.py:161: FutureWarning: Using the `local_options` keyword argument is deprecated in favor of using `task_config`, in version 0.30.0 it will stop working.
  self.result = qcng.compute(
/home/mdavis/anaconda3/envs/p4env/lib/python3.10/site-packages/psi4/driver/task_base.py:161: FutureWarning: Using the `local_options` keyword argument is deprecated in favor of using `task_config`, in version 0.30.0 it will stop working.
  self.result = qcng.compute(
/home/mdavis/anaconda3/envs/p4env/lib/python3.10/site-packages/psi4/driver/task_base.py:161: FutureWarning: Using the `local_options` keyword argument is deprecated in favor of using `task_config`, in version 0.30.0 it will stop working.
  self.result = qcng.compute(
/home/mdavis/anaconda3/envs/p4env/lib/python3.10/site-packages/psi4/driver/task_base.py:161: FutureWarning: Using the `local_options` keyword argument is deprecated in favor of using `task_config`, in version 0.30.0 it will stop working.
  self.result = qcng.compute(
/home/mdavis/anaconda3/envs/p4env/lib/python3.10/site-packages/psi4/driver/task_base.py:161: FutureWarning: Using the `local_options` keyword argument is deprecated in favor of using `task_config`, in version 0.30.0 it will stop working.
  self.result = qcng.compute(
/home/mdavis/anaconda3/envs/p4env/lib/python3.10/site-packages/psi4/driver/task_base.py:161: FutureWarning: Using the `local_options` keyword argument is deprecated in favor of using `task_config`, in version 0.30.0 it will stop working.
  self.result = qcng.compute(
/home/mdavis/anaconda3/envs/p4env/lib/python3.10/site-packages/psi4/driver/task_base.py:161: FutureWarning: Using the `local_options` keyword argument is deprecated in favor of using `task_config`, in version 0.30.0 it will stop working.
  self.result = qcng.compute(
/home/mdavis/anaconda3/envs/p4env/lib/python3.10/site-packages/psi4/driver/task_base.py:161: FutureWarning: Using the `local_options` keyword argument is deprecated in favor of using `task_config`, in version 0.30.0 it will stop working.
  self.result = qcng.compute(
/home/mdavis/anaconda3/envs/p4env/lib/python3.10/site-packages/psi4/driver/task_base.py:161: FutureWarning: Using the `local_options` keyword argument is deprecated in favor of using `task_config`, in version 0.30.0 it will stop working.
  self.result = qcng.compute(
/home/mdavis/anaconda3/envs/p4env/lib/python3.10/site-packages/psi4/driver/task_base.py:161: FutureWarning: Using the `local_options` keyword argument is deprecated in favor of using `task_config`, in version 0.30.0 it will stop working.
  self.result = qcng.compute(
    0: fehler on processor   0                                          1 (0x1).
Traceback (most recent call last):
  File "/home/mdavis/f12eom_optimizer/f12eom_optimizer/f12eom_optimizer.py", line 219, in <module>
    main()
  File "/home/mdavis/f12eom_optimizer/f12eom_optimizer/f12eom_optimizer.py", line 187, in main
    mol_gradient, mol_energy = read_molpro()
  File "/home/mdavis/f12eom_optimizer/f12eom_optimizer/f12eom_optimizer.py", line 142, in read_molpro
    molpro_gradients = np.empty(len(xline)*3)
UnboundLocalError: local variable 'xline' referenced before assignment
...Done
 
