export: Command not found.
export: Command not found.
export: Command not found.
export: Command not found.
Badly placed ()'s.
 
Running threaded PSI4 on node18 
/home/mdavis/anaconda3/envs/p4env/bin/psi4
 
Working and scratch directories
/home/mdavis/f12eom_optimizer/tests/slurm
/scratch/mdavis/PSI4_2022-08-18_12:14:41.830664147
 
use -n:  to specify number of threads
use -i:  to specify input  file     (default = input.dat)
use -o:  to specify output file     (default = file.out )
 
-h or --help for more options
 
Running...
Traceback (most recent call last):
  File "/home/mdavis/f12eom_optimizer/f12eom_optimizer/f12eom_optimizer.py", line 284, in <module>
    main()
  File "/home/mdavis/f12eom_optimizer/f12eom_optimizer/f12eom_optimizer.py", line 223, in main
    real_run_psi4(molsys_obj)
  File "/home/mdavis/f12eom_optimizer/f12eom_optimizer/f12eom_optimizer.py", line 143, in real_run_psi4
    gradient = psi4.gradient('scf', mol).np.flatten()
TypeError: gradient() takes 1 positional argument but 2 were given
...Done
 
