export: Command not found.
export: Command not found.
export: Command not found.
export: Command not found.
Badly placed ()'s.
 
Running threaded PSI4 on node11 
/home/mdavis/anaconda3/envs/p4env/bin/psi4
 
Working and scratch directories
/home/mdavis/f12eom_optimizer/tests/slurm
/scratch/mdavis/PSI4_2022-08-18_11:47:26.486545075
 
use -n:  to specify number of threads
use -i:  to specify input  file     (default = input.dat)
use -o:  to specify output file     (default = file.out )
 
-h or --help for more options
 
Running...
...Done
 
