export: Command not found.
export: Command not found.
export: Command not found.
export: Command not found.
Badly placed ()'s.
 
Running threaded PSI4 on node19 
/home/mdavis/anaconda3/envs/p4env/bin/psi4
 
Working and scratch directories
/home/mdavis/f12eom_optimizer/tests/slurm
/scratch/mdavis/PSI4_2022-08-17_10:11:33.762076881
 
use -n:  to specify number of threads
use -i:  to specify input  file     (default = input.dat)
use -o:  to specify output file     (default = file.out )
 
-h or --help for more options
 
Running...
Traceback (most recent call last):
  File "/home/mdavis/f12eom_optimizer/f12eom_optimizer/f12eom_optimizer.py", line 108, in <module>
    run_molpro()
  File "/home/mdavis/f12eom_optimizer/f12eom_optimizer/f12eom_optimizer.py", line 59, in run_molpro
    with open('molpro_step.inp') as molpro_file:
FileNotFoundError: [Errno 2] No such file or directory: 'molpro_step.inp'
...Done
 
