/var/spool/slurmd/job55939749/slurm_script: line 7: /home/mdavis/f12eom_optimizer/f12eom_optimizer/f12eom_optimizer.py: Permission denied
