
 Primary working directories    : /scratch/mdavis/test_2022-08-16_16_42_46/molpro.KJcAHv5EwF
 Secondary working directories  : /scratch/mdavis/test_2022-08-16_16_42_46/molpro.KJcAHv5EwF
 Wavefunction directory         : /home/mdavis/f12eom_optimizer/tests/slurm/./
 Main file repository           : /scratch/mdavis/test_2022-08-16_16_42_46/molpro.KJcAHv5EwF/

 id        : olemiss

 Nodes     nprocs
 node14       1

 Using customized tuning parameters: mindgm=1; mindgv=20; mindgc=4; mindgr=1; noblas=0; minvec=7
 default implementation of scratch files=df  


 Variables initialized (945), CPU time= 0.00 sec
 memory,1125,m
 gthresh,energy=1.d-10,zero=1.d-16,oneint=1.d-16,twoint=1.d-16;
 gthresh,optgrad=1.d-8,optstep=1.d-8;
 nocompress
 geomtyp=xyz
 angstrom
 geometry={
 N 0.0049918503 0.0100000000 -0.0729517864
 H 0.9372476947 0.0000000000 0.3147300629
 H -0.4685672217 0.8117053137 0.3147763094
 H -0.4685672217 -0.8117053137 0.3147763094
 }
 set,charge=0
 set,spin=0
 basis=avdz
 {hf,maxit=500;accu,20;}
 Commands  initialized (802), CPU time= 0.01 sec, 659 directives.
 Default parameters read. Elapsed time= 0.17 sec

 Checking input...
 Passed
1


                                         ***  PROGRAM SYSTEM MOLPRO  ***
                                       Copyright, TTI GmbH Stuttgart, 2015
                                    Version 2020.1 linked Oct  6 2020 12:04:11


 **********************************************************************************************************************************
 LABEL *                                                                                 
  64 bit serial version                                                                  DATE: 16-Aug-22          TIME: 16:42:46  
 **********************************************************************************************************************************

 SHA1:             8c27446f6450a7499e38f603e13c65f775101d37
 **********************************************************************************************************************************

 Memory per process:      1125 MW
 Total memory per node:   1125 MW

 GA preallocation disabled
 GA check disabled

 Variable memory set to 1125.0 MW


 THRESHOLDS:

 ZERO    =  1.00D-16  ONEINT  =  1.00D-16  TWOINT  =  1.00D-16  PREFAC  =  1.00D-14  XXXXXX  =  1.00D-09  EORDER  =  1.00D-04
 ENERGY  =  1.00D-10  ETEST   =  0.00D+00  EDENS   =  0.00D+00  THRDEDEF=  1.00D-06  GRADIENT=  1.00D-05  STEP    =  1.00D-03
 ORBITAL =  1.00D-05  CIVEC   =  1.00D-05  COEFF   =  1.00D-04  PRINTCI =  5.00D-02  PUNCHCI =  9.90D+01  OPTGRAD =  3.00D-04
 OPTENERG=  1.00D-06  OPTSTEP =  3.00D-04  THRGRAD =  1.00D-10  COMPRESS=  1.00D-11  VARMIN  =  1.00D-07  VARMAX  =  1.00D-03
 THRDOUB =  0.00D+00  THRDIV  =  1.00D-05  THRRED  =  1.00D-07  THRPSP  =  1.00D+00  THRDC   =  1.00D-10  THRCS   =  1.00D-10
 THRNRM  =  1.00D-08  THREQ   =  0.00D+00  THRDE   =  1.00D+00  THRREF  =  1.00D-05  SPARFAC =  1.00D+00  THRDLP  =  1.00D-07
 THRDIA  =  1.00D-10  THRDLS  =  1.00D-07  THRGPS  =  0.00D+00  THRKEX  =  0.00D+00  THRDIS  =  2.00D-01  THRVAR  =  1.00D-10
 THRLOC  =  1.00D-06  THRGAP  =  1.00D-06  THRLOCT = -1.00D+00  THRGAPT = -1.00D+00  THRORB  =  1.00D-06  THRMLTP =  0.00D+00
 THRCPQCI=  1.00D-10  KEXTA   =  0.00D+00  THRCOARS=  0.00D+00  SYMTOL  =  1.00D-06  GRADTOL =  1.00D-06  THROVL  =  1.00D-08
 THRORTH =  1.00D-08  GRID    =  1.00D-06  GRIDMAX =  1.00D-03  DTMAX   =  0.00D+00  THROCCDE=  1.00D-01  THROCCDE=  1.00D-01
 THRPRINT=  2.50D-01


 THRESHOLDS:

 ZERO    =  1.00D-16  ONEINT  =  1.00D-16  TWOINT  =  1.00D-16  PREFAC  =  1.00D-14  XXXXXX  =  1.00D-09  EORDER  =  1.00D-04
 ENERGY  =  1.00D-10  ETEST   =  0.00D+00  EDENS   =  0.00D+00  THRDEDEF=  1.00D-06  GRADIENT=  1.00D-05  STEP    =  1.00D-03
 ORBITAL =  1.00D-05  CIVEC   =  1.00D-05  COEFF   =  1.00D-04  PRINTCI =  5.00D-02  PUNCHCI =  9.90D+01  OPTGRAD =  1.00D-08
 OPTENERG=  1.00D-06  OPTSTEP =  1.00D-08  THRGRAD =  1.00D-10  COMPRESS=  1.00D-11  VARMIN  =  1.00D-07  VARMAX  =  1.00D-03
 THRDOUB =  0.00D+00  THRDIV  =  1.00D-05  THRRED  =  1.00D-07  THRPSP  =  1.00D+00  THRDC   =  1.00D-10  THRCS   =  1.00D-10
 THRNRM  =  1.00D-08  THREQ   =  0.00D+00  THRDE   =  1.00D+00  THRREF  =  1.00D-05  SPARFAC =  1.00D+00  THRDLP  =  1.00D-07
 THRDIA  =  1.00D-10  THRDLS  =  1.00D-07  THRGPS  =  0.00D+00  THRKEX  =  0.00D+00  THRDIS  =  2.00D-01  THRVAR  =  1.00D-10
 THRLOC  =  1.00D-06  THRGAP  =  1.00D-06  THRLOCT = -1.00D+00  THRGAPT = -1.00D+00  THRORB  =  1.00D-06  THRMLTP =  0.00D+00
 THRCPQCI=  1.00D-10  KEXTA   =  0.00D+00  THRCOARS=  0.00D+00  SYMTOL  =  1.00D-06  GRADTOL =  1.00D-06  THROVL  =  1.00D-08
 THRORTH =  1.00D-08  GRID    =  1.00D-06  GRIDMAX =  1.00D-03  DTMAX   =  0.00D+00  THROCCDE=  1.00D-01  THROCCDE=  1.00D-01
 THRPRINT=  2.50D-01


 Input parameters for SORTINT:

 COMPRESS =    0.000000
 C_FINAL  =    1.000000
 DEBUG    =   -1.000000
 C_SORT1  =    0.000000
 C_SEWARD =    0.000000
 THRESH   =    0.000000
 IO       =  molpro                                                                                                                          
 SPRI     =    0.000000
 SETTING GEOMTYP        =    XYZ
 ZUNIT=ANG

 SETTING CHARGE         =     0.00000000D+00                                  
 SETTING SPIN           =     0.00000000D+00                                  
 SETTING BASIS          =    AVDZ


 Recomputing integrals since basis changed


 Using spherical harmonics

 Library entry N      S aug-cc-pVDZ          selected for orbital group  1
 Library entry N      P aug-cc-pVDZ          selected for orbital group  1
 Library entry N      D aug-cc-pVDZ          selected for orbital group  1
 Library entry H      S aug-cc-pVDZ          selected for orbital group  2
 Library entry H      P aug-cc-pVDZ          selected for orbital group  2


 PROGRAM * SEWARD (Integral evaluation for generally contracted gaussian basis sets)     Author: Roland Lindh, 1990

 Geometry written to block  1 of record 700


 Point group  C1  



 ATOMIC COORDINATES

 NR  ATOM    CHARGE       X              Y              Z

   1  N       7.00    0.009433230    0.018897261   -0.137858897
   2  H       1.00    1.771141454    0.000000000    0.594753622
   3  H       1.00   -0.885463720    1.533900737    0.594841015
   4  H       1.00   -0.885463720   -1.533900737    0.594841015

 Bond lengths in Bohr (Angstrom)

 1-2  1.908060291  1-3  1.906023411  1-4  1.936200231
     ( 1.009702023)     ( 1.008624152)     ( 1.024593038)

 Bond angles

  2-1-3  107.08390529   2-1-4  105.87270476   3-1-4  105.96092959

 NUCLEAR CHARGE:                   10
 NUMBER OF PRIMITIVE AOS:          70
 NUMBER OF SYMMETRY AOS:           68
 NUMBER OF CONTRACTIONS:           50   (   50A   )
 NUMBER OF INNER CORE ORBITALS:     0   (    0A   )
 NUMBER OF OUTER CORE ORBITALS:     1   (    1A   )
 NUMBER OF VALENCE ORBITALS:        7   (    7A   )


 NUCLEAR REPULSION ENERGY   11.93447719

 Eigenvalues of metric

         1 0.232E-02 0.236E-02 0.252E-02 0.978E-02 0.157E-01 0.158E-01 0.215E-01 0.220E-01


 Contracted 2-electron integrals neglected if value below      1.0D-16

         768670. INTEGRALS WRITTEN OUT IN     188 BLOCKS ON RECORD 1290 OF FILE 1


 NUMBER OF SORTED TWO-ELECTRON INTEGRALS:     813450.     BUFFER LENGTH:  32768
 NUMBER OF SEGMENTS:   1  SEGMENT LENGTH:     813450      RECORD LENGTH: 524288

 Memory used in sort:       1.37 MW

 SORT1 READ      768670. AND WROTE      768670. INTEGRALS IN      3 RECORDS. CPU TIME:     0.03 SEC, REAL TIME:     0.02 SEC
 SORT2 READ      768670. AND WROTE      813450. INTEGRALS IN      1 RECORDS. CPU TIME:     0.04 SEC, REAL TIME:     0.04 SEC

 FILE SIZES:   FILE 1:    42.4 MBYTE,  FILE 4:    12.6 MBYTE,   TOTAL:     55.0 MBYTE

 OPERATOR DM      FOR CENTER  0  COORDINATES:    0.000000    0.000000    0.000000


 **********************************************************************************************************************************
 DATASETS  * FILE   NREC   LENGTH (MB)   RECORD NAMES
              1      19       36.61       500      610      700      900      950      970     1000      129      960     1100   
                                          VAR    BASINP    GEOM    SYMINP    ZMAT    AOBASIS   BASIS     P2S    ABASIS      S 
                                         1400     1410     1200     1210     1080     1600     1650     1300     1700   
                                           T        V       H0       H01     AOSYM     SMH    MOLCAS    ERIS     OPER   

 PROGRAMS   *        TOTAL       INT
 CPU TIMES  *         0.68      0.55
 REAL TIME  *         1.68 SEC
 DISK USED  *        55.35 MB
 **********************************************************************************************************************************


 PROGRAM * RHF-SCF (CLOSED SHELL)       Authors: W. Meyer, H.-J. Werner


 NUMBER OF ELECTRONS:       5+    5-    SPACE SYMMETRY=1    SPIN SYMMETRY: Singlet 
 CONVERGENCE THRESHOLDS:    1.00E-10 (Density)    1.00E-11 (Energy)
 MAX. NUMBER OF ITERATIONS:      500
 INTERPOLATION TYPE:            DIIS
 INTERPOLATION STEPS:              2 (START)      1 (STEP)
 LEVEL SHIFTS:                  0.00 (CLOSED)  0.00 (OPEN) 



 Orbital guess generated from atomic densities. Full valence occupancy:    8

 Molecular orbital dump at record        2100.2

 Initial occupancy:   5

 ITERATION    DDIFF          GRAD             ENERGY        2-EL.EN.            DIPOLE MOMENTS         DIIS   ORB.
    1      0.000D+00      0.000D+00       -56.18028481     64.043111   -0.01043   -0.02106    0.90055    0    start
    2      0.000D+00      0.103D-01       -56.20026860     61.942885   -0.00271   -0.00552    0.55580    1    diag
    3      0.166D-01      0.498D-02       -56.20488762     62.846074   -0.00405   -0.00824    0.64216    2    diag
    4      0.564D-02      0.796D-03       -56.20511305     62.743178   -0.00355   -0.00723    0.64360    3    diag
    5      0.124D-02      0.173D-03       -56.20512556     62.754660   -0.00343   -0.00699    0.64515    4    diag
    6      0.250D-03      0.277D-04       -56.20512603     62.755189   -0.00340   -0.00694    0.64612    5    diag
    7      0.428D-04      0.381D-05       -56.20512605     62.755149   -0.00340   -0.00693    0.64627    6    diag
    8      0.949D-05      0.101D-05       -56.20512605     62.755164   -0.00339   -0.00693    0.64630    7    diag
    9      0.262D-05      0.143D-06       -56.20512605     62.755159   -0.00339   -0.00693    0.64630    8    diag
   10      0.383D-06      0.276D-07       -56.20512605     62.755160   -0.00339   -0.00693    0.64630    9    orth
   11      0.746D-07      0.497D-08       -56.20512605     62.755160   -0.00339   -0.00693    0.64630    9    diag
   12      0.876D-08      0.109D-08       -56.20512605     62.755160   -0.00339   -0.00693    0.64630    9    diag
   13      0.284D-08      0.270D-09       -56.20512605     62.755160   -0.00339   -0.00693    0.64630    9    diag
   14      0.647D-09      0.728D-10       -56.20512605     62.755160   -0.00339   -0.00693    0.64630    9    diag
   15      0.119D-09      0.104D-10       -56.20512605     62.755160   -0.00339   -0.00693    0.64630    9    diag
   16      0.317D-10      0.240D-11       -56.20512605     62.755160   -0.00339   -0.00693    0.64630    0    orth

 Final occupancy:   5

 !RHF STATE  1.1 Energy               -56.205126046028
 Nuclear energy                        11.93447719
 One-electron energy                  -99.51718337
 Two-electron energy                   31.37758014
 Virial quotient                       -1.00229565
 !RHF STATE  1.1 Dipole moment         -0.00339470    -0.00692646     0.64630201
 Dipole moment /Debye                  -0.00862790    -0.01760416     1.64262827

 Orbital energies:

         1.1          2.1          3.1          4.1          5.1          6.1          7.1
    -15.552635    -1.143835    -0.631100    -0.623425    -0.430016     0.035771     0.059763


 HOMO      5.1    -0.430016 =     -11.7013eV
 LUMO      6.1     0.035771 =       0.9734eV
 LUMO-HOMO         0.465787 =      12.6747eV


 **********************************************************************************************************************************
 DATASETS  * FILE   NREC   LENGTH (MB)   RECORD NAMES
              1      19       36.61       500      610      700      900      950      970     1000      129      960     1100   
                                          VAR    BASINP    GEOM    SYMINP    ZMAT    AOBASIS   BASIS     P2S    ABASIS      S 
                                         1400     1410     1200     1210     1080     1600     1650     1300     1700   
                                           T        V       H0       H01     AOSYM     SMH    MOLCAS    ERIS     OPER   

              2       4        2.85       700     1000      520     2100   
                                         GEOM     BASIS   MCVARS     RHF  

 PROGRAMS   *        TOTAL    HF-SCF       INT
 CPU TIMES  *         0.88      0.20      0.55
 REAL TIME  *         2.00 SEC
 DISK USED  *        55.35 MB
 **********************************************************************************************************************************

 HF/aug-cc-pVDZ energy=    -56.205126046028

          HF-SCF
    -56.20512605
 **********************************************************************************************************************************
 Molpro calculation terminated
