 
Working directory   = /home/mdavis/f12eom_optimizer/tests/slurm/test_tz
Scratch directory   = /scratch/mdavis/molpro_step_2022-08-18_16_55_16
Input  file         = molpro_step.inp
Output file         = molpro_step.out
MolPro executable   = /home/qc/molpro_2020.1/bin/molpro
 
Running MolPro on local host (node18)
    with 1 processes
    and  1 threads per process
 
