 
Working directory   = /home/mdavis/f12eom_optimizer/tests/slurm/test_tz
Scratch directory   = /scratch/mdavis/molpro_step_2022-08-19_10_34_25
Input  file         = molpro_step.inp
Output file         = molpro_step.out
MolPro executable   = /home/qc/molpro_2020.1/bin/molpro
 
Running MolPro on local host (node12)
    with 1 processes
    and  4 threads per process
 
