export: Command not found.
export: Command not found.
export: Command not found.
export: Command not found.
Badly placed ()'s.
 
Running threaded PSI4 on node4 
/home/mdavis/anaconda3/envs/p4env/bin/psi4
 
Working and scratch directories
/home/mdavis/f12eom_optimizer/tests/slurm/test_tz
/scratch/mdavis/PSI4_2022-08-19_10:38:07.952538582
 
use -n:  to specify number of threads
use -i:  to specify input  file     (default = input.dat)
use -o:  to specify output file     (default = file.out )
 
-h or --help for more options
 
Running...
/home/mdavis/anaconda3/envs/p4env/lib/python3.10/site-packages/psi4/driver/task_base.py:161: FutureWarning: Using the `local_options` keyword argument is deprecated in favor of using `task_config`, in version 0.30.0 it will stop working.
  self.result = qcng.compute(
/home/mdavis/anaconda3/envs/p4env/lib/python3.10/site-packages/psi4/driver/task_base.py:161: FutureWarning: Using the `local_options` keyword argument is deprecated in favor of using `task_config`, in version 0.30.0 it will stop working.
  self.result = qcng.compute(
/home/mdavis/anaconda3/envs/p4env/lib/python3.10/site-packages/psi4/driver/task_base.py:161: FutureWarning: Using the `local_options` keyword argument is deprecated in favor of using `task_config`, in version 0.30.0 it will stop working.
  self.result = qcng.compute(
/home/mdavis/anaconda3/envs/p4env/lib/python3.10/site-packages/psi4/driver/task_base.py:161: FutureWarning: Using the `local_options` keyword argument is deprecated in favor of using `task_config`, in version 0.30.0 it will stop working.
  self.result = qcng.compute(
/home/mdavis/anaconda3/envs/p4env/lib/python3.10/site-packages/psi4/driver/task_base.py:161: FutureWarning: Using the `local_options` keyword argument is deprecated in favor of using `task_config`, in version 0.30.0 it will stop working.
  self.result = qcng.compute(
/home/mdavis/anaconda3/envs/p4env/lib/python3.10/site-packages/psi4/driver/task_base.py:161: FutureWarning: Using the `local_options` keyword argument is deprecated in favor of using `task_config`, in version 0.30.0 it will stop working.
  self.result = qcng.compute(
/home/mdavis/anaconda3/envs/p4env/lib/python3.10/site-packages/psi4/driver/task_base.py:161: FutureWarning: Using the `local_options` keyword argument is deprecated in favor of using `task_config`, in version 0.30.0 it will stop working.
  self.result = qcng.compute(
/home/mdavis/anaconda3/envs/p4env/lib/python3.10/site-packages/psi4/driver/task_base.py:161: FutureWarning: Using the `local_options` keyword argument is deprecated in favor of using `task_config`, in version 0.30.0 it will stop working.
  self.result = qcng.compute(
/home/mdavis/anaconda3/envs/p4env/lib/python3.10/site-packages/psi4/driver/task_base.py:161: FutureWarning: Using the `local_options` keyword argument is deprecated in favor of using `task_config`, in version 0.30.0 it will stop working.
  self.result = qcng.compute(
/home/mdavis/anaconda3/envs/p4env/lib/python3.10/site-packages/psi4/driver/task_base.py:161: FutureWarning: Using the `local_options` keyword argument is deprecated in favor of using `task_config`, in version 0.30.0 it will stop working.
  self.result = qcng.compute(
/home/mdavis/anaconda3/envs/p4env/lib/python3.10/site-packages/psi4/driver/task_base.py:161: FutureWarning: Using the `local_options` keyword argument is deprecated in favor of using `task_config`, in version 0.30.0 it will stop working.
  self.result = qcng.compute(
/home/mdavis/anaconda3/envs/p4env/lib/python3.10/site-packages/psi4/driver/task_base.py:161: FutureWarning: Using the `local_options` keyword argument is deprecated in favor of using `task_config`, in version 0.30.0 it will stop working.
  self.result = qcng.compute(
/home/mdavis/anaconda3/envs/p4env/lib/python3.10/site-packages/psi4/driver/task_base.py:161: FutureWarning: Using the `local_options` keyword argument is deprecated in favor of using `task_config`, in version 0.30.0 it will stop working.
  self.result = qcng.compute(
/home/mdavis/anaconda3/envs/p4env/lib/python3.10/site-packages/psi4/driver/task_base.py:161: FutureWarning: Using the `local_options` keyword argument is deprecated in favor of using `task_config`, in version 0.30.0 it will stop working.
  self.result = qcng.compute(
/home/mdavis/anaconda3/envs/p4env/lib/python3.10/site-packages/psi4/driver/task_base.py:161: FutureWarning: Using the `local_options` keyword argument is deprecated in favor of using `task_config`, in version 0.30.0 it will stop working.
  self.result = qcng.compute(
/home/mdavis/anaconda3/envs/p4env/lib/python3.10/site-packages/psi4/driver/task_base.py:161: FutureWarning: Using the `local_options` keyword argument is deprecated in favor of using `task_config`, in version 0.30.0 it will stop working.
  self.result = qcng.compute(
/home/mdavis/anaconda3/envs/p4env/lib/python3.10/site-packages/psi4/driver/task_base.py:161: FutureWarning: Using the `local_options` keyword argument is deprecated in favor of using `task_config`, in version 0.30.0 it will stop working.
  self.result = qcng.compute(
/home/mdavis/anaconda3/envs/p4env/lib/python3.10/site-packages/psi4/driver/task_base.py:161: FutureWarning: Using the `local_options` keyword argument is deprecated in favor of using `task_config`, in version 0.30.0 it will stop working.
  self.result = qcng.compute(
/home/mdavis/anaconda3/envs/p4env/lib/python3.10/site-packages/psi4/driver/task_base.py:161: FutureWarning: Using the `local_options` keyword argument is deprecated in favor of using `task_config`, in version 0.30.0 it will stop working.
  self.result = qcng.compute(
/home/mdavis/anaconda3/envs/p4env/lib/python3.10/site-packages/psi4/driver/task_base.py:161: FutureWarning: Using the `local_options` keyword argument is deprecated in favor of using `task_config`, in version 0.30.0 it will stop working.
  self.result = qcng.compute(
/home/mdavis/anaconda3/envs/p4env/lib/python3.10/site-packages/psi4/driver/task_base.py:161: FutureWarning: Using the `local_options` keyword argument is deprecated in favor of using `task_config`, in version 0.30.0 it will stop working.
  self.result = qcng.compute(
/home/mdavis/anaconda3/envs/p4env/lib/python3.10/site-packages/psi4/driver/task_base.py:161: FutureWarning: Using the `local_options` keyword argument is deprecated in favor of using `task_config`, in version 0.30.0 it will stop working.
  self.result = qcng.compute(
/home/mdavis/anaconda3/envs/p4env/lib/python3.10/site-packages/psi4/driver/task_base.py:161: FutureWarning: Using the `local_options` keyword argument is deprecated in favor of using `task_config`, in version 0.30.0 it will stop working.
  self.result = qcng.compute(
/home/mdavis/anaconda3/envs/p4env/lib/python3.10/site-packages/psi4/driver/task_base.py:161: FutureWarning: Using the `local_options` keyword argument is deprecated in favor of using `task_config`, in version 0.30.0 it will stop working.
  self.result = qcng.compute(
/home/mdavis/anaconda3/envs/p4env/lib/python3.10/site-packages/psi4/driver/task_base.py:161: FutureWarning: Using the `local_options` keyword argument is deprecated in favor of using `task_config`, in version 0.30.0 it will stop working.
  self.result = qcng.compute(
/home/mdavis/anaconda3/envs/p4env/lib/python3.10/site-packages/psi4/driver/task_base.py:161: FutureWarning: Using the `local_options` keyword argument is deprecated in favor of using `task_config`, in version 0.30.0 it will stop working.
  self.result = qcng.compute(
/home/mdavis/anaconda3/envs/p4env/lib/python3.10/site-packages/psi4/driver/task_base.py:161: FutureWarning: Using the `local_options` keyword argument is deprecated in favor of using `task_config`, in version 0.30.0 it will stop working.
  self.result = qcng.compute(
/home/mdavis/anaconda3/envs/p4env/lib/python3.10/site-packages/psi4/driver/task_base.py:161: FutureWarning: Using the `local_options` keyword argument is deprecated in favor of using `task_config`, in version 0.30.0 it will stop working.
  self.result = qcng.compute(
/home/mdavis/anaconda3/envs/p4env/lib/python3.10/site-packages/psi4/driver/task_base.py:161: FutureWarning: Using the `local_options` keyword argument is deprecated in favor of using `task_config`, in version 0.30.0 it will stop working.
  self.result = qcng.compute(
/home/mdavis/anaconda3/envs/p4env/lib/python3.10/site-packages/psi4/driver/task_base.py:161: FutureWarning: Using the `local_options` keyword argument is deprecated in favor of using `task_config`, in version 0.30.0 it will stop working.
  self.result = qcng.compute(
/home/mdavis/anaconda3/envs/p4env/lib/python3.10/site-packages/psi4/driver/task_base.py:161: FutureWarning: Using the `local_options` keyword argument is deprecated in favor of using `task_config`, in version 0.30.0 it will stop working.
  self.result = qcng.compute(
/home/mdavis/anaconda3/envs/p4env/lib/python3.10/site-packages/psi4/driver/task_base.py:161: FutureWarning: Using the `local_options` keyword argument is deprecated in favor of using `task_config`, in version 0.30.0 it will stop working.
  self.result = qcng.compute(
/home/mdavis/anaconda3/envs/p4env/lib/python3.10/site-packages/psi4/driver/task_base.py:161: FutureWarning: Using the `local_options` keyword argument is deprecated in favor of using `task_config`, in version 0.30.0 it will stop working.
  self.result = qcng.compute(
/home/mdavis/anaconda3/envs/p4env/lib/python3.10/site-packages/psi4/driver/task_base.py:161: FutureWarning: Using the `local_options` keyword argument is deprecated in favor of using `task_config`, in version 0.30.0 it will stop working.
  self.result = qcng.compute(
/home/mdavis/anaconda3/envs/p4env/lib/python3.10/site-packages/psi4/driver/task_base.py:161: FutureWarning: Using the `local_options` keyword argument is deprecated in favor of using `task_config`, in version 0.30.0 it will stop working.
  self.result = qcng.compute(
/home/mdavis/anaconda3/envs/p4env/lib/python3.10/site-packages/psi4/driver/task_base.py:161: FutureWarning: Using the `local_options` keyword argument is deprecated in favor of using `task_config`, in version 0.30.0 it will stop working.
  self.result = qcng.compute(
/home/mdavis/anaconda3/envs/p4env/lib/python3.10/site-packages/psi4/driver/task_base.py:161: FutureWarning: Using the `local_options` keyword argument is deprecated in favor of using `task_config`, in version 0.30.0 it will stop working.
  self.result = qcng.compute(
/home/mdavis/anaconda3/envs/p4env/lib/python3.10/site-packages/psi4/driver/task_base.py:161: FutureWarning: Using the `local_options` keyword argument is deprecated in favor of using `task_config`, in version 0.30.0 it will stop working.
  self.result = qcng.compute(
/home/mdavis/anaconda3/envs/p4env/lib/python3.10/site-packages/psi4/driver/task_base.py:161: FutureWarning: Using the `local_options` keyword argument is deprecated in favor of using `task_config`, in version 0.30.0 it will stop working.
  self.result = qcng.compute(
/home/mdavis/anaconda3/envs/p4env/lib/python3.10/site-packages/psi4/driver/task_base.py:161: FutureWarning: Using the `local_options` keyword argument is deprecated in favor of using `task_config`, in version 0.30.0 it will stop working.
  self.result = qcng.compute(
/home/mdavis/anaconda3/envs/p4env/lib/python3.10/site-packages/psi4/driver/task_base.py:161: FutureWarning: Using the `local_options` keyword argument is deprecated in favor of using `task_config`, in version 0.30.0 it will stop working.
  self.result = qcng.compute(
/home/mdavis/anaconda3/envs/p4env/lib/python3.10/site-packages/psi4/driver/task_base.py:161: FutureWarning: Using the `local_options` keyword argument is deprecated in favor of using `task_config`, in version 0.30.0 it will stop working.
  self.result = qcng.compute(
slurmstepd: error: *** JOB 60628945 ON node4 CANCELLED AT 2022-08-19T10:57:11 ***
forrtl: error (78): process killed (SIGTERM)
Image              PC                Routine            Line        Source             
libgdma.so         00007F5D0738010F  for__signal_handl     Unknown  Unknown
libpthread-2.26.s  00007F5D25D402E0  Unknown               Unknown  Unknown
libc-2.26.so       00007F5D25A54027  __sched_yield         Unknown  Unknown
libiomp5.so        00007F5D243FD0D7  Unknown               Unknown  Unknown
libiomp5.so        00007F5D243FEF26  Unknown               Unknown  Unknown
libiomp5.so        00007F5D244460DD  Unknown               Unknown  Unknown
libiomp5.so        00007F5D244455E3  Unknown               Unknown  Unknown
libiomp5.so        00007F5D244017E4  __kmpc_fork_call      Unknown  Unknown
libmkl_intel_thre  00007F5D1BC34567  Unknown               Unknown  Unknown
libmkl_intel_thre  00007F5D1BC39AC9  Unknown               Unknown  Unknown
libmkl_intel_thre  00007F5D1BC37EB1  mkl_blas_dgemm        Unknown  Unknown
libmkl_intel_lp64  00007F5D1AD698CA  dgemm_                Unknown  Unknown
libmkl_rt.so.1     00007F5D24938B00  dgemm_                Unknown  Unknown
core.cpython-310-  00007F5D1355DF63  _ZN3psi7C_DGEMMEc     Unknown  Unknown
core.cpython-310-  00007F5D09CAB88B  _ZN3psi3DPD11cont     Unknown  Unknown
core.cpython-310-  00007F5D085E1845  Unknown               Unknown  Unknown
core.cpython-310-  00007F5D083A456C  Unknown               Unknown  Unknown
core.cpython-310-  00007F5D08348251  Unknown               Unknown  Unknown
core.cpython-310-  00007F5D08346745  Unknown               Unknown  Unknown
core.cpython-310-  00007F5D13C835ED  Unknown               Unknown  Unknown
core.cpython-310-  00007F5D13D00C47  Unknown               Unknown  Unknown
core.cpython-310-  00007F5D13D00E3B  Unknown               Unknown  Unknown
core.cpython-310-  00007F5D13920A21  Unknown               Unknown  Unknown
python3.10         000055AE3B15BFA4  Unknown               Unknown  Unknown
python             000055AE3B11E52E  _PyObject_MakeTpC     Unknown  Unknown
python             000055AE3B1C1D75  _PyEval_EvalFrame     Unknown  Unknown
python3.10         000055AE3B16B742  Unknown               Unknown  Unknown
python             000055AE3B123E97  _PyObject_Call        Unknown  Unknown
python             000055AE3B1BF774  _PyEval_EvalFrame     Unknown  Unknown
python3.10         000055AE3B16B742  Unknown               Unknown  Unknown
python             000055AE3B123E97  _PyObject_Call        Unknown  Unknown
python             000055AE3B1BF774  _PyEval_EvalFrame     Unknown  Unknown
python3.10         000055AE3B16B742  Unknown               Unknown  Unknown
python3.10         000055AE3B0E10B5  Unknown               Unknown  Unknown
python3.10         000055AE3B16B742  Unknown               Unknown  Unknown
python3.10         000055AE3B0E10B5  Unknown               Unknown  Unknown
python3.10         000055AE3B16B742  Unknown               Unknown  Unknown
python3.10         000055AE3B0E09F3  Unknown               Unknown  Unknown
python3.10         000055AE3B16B742  Unknown               Unknown  Unknown
python3.10         000055AE3B0E10B5  Unknown               Unknown  Unknown
python3.10         000055AE3B16B742  Unknown               Unknown  Unknown
python3.10         000055AE3B16BC9B  Unknown               Unknown  Unknown
python3.10         000055AE3B0E10B5  Unknown               Unknown  Unknown
python3.10         000055AE3B16B742  Unknown               Unknown  Unknown
python3.10         000055AE3B0E09F3  Unknown               Unknown  Unknown
python3.10         000055AE3B16B742  Unknown               Unknown  Unknown
python3.10         000055AE3B0E10B5  Unknown               Unknown  Unknown
python3.10         000055AE3B16B742  Unknown               Unknown  Unknown
python3.10         000055AE3B0E0425  Unknown               Unknown  Unknown
python3.10         000055AE3B16B742  Unknown               Unknown  Unknown
python3.10         000055AE3B0E0425  Unknown               Unknown  Unknown
python3.10         000055AE3B16B742  Unknown               Unknown  Unknown
python             000055AE3B17A578  PyEval_EvalCode       Unknown  Unknown
python3.10         000055AE3B2308FB  Unknown               Unknown  Unknown
python3.10         000055AE3B2693A5  Unknown               Unknown  Unknown
python3.10         000055AE3B26D1D0  Unknown               Unknown  Unknown
python             000055AE3B26D3B8  _PyRun_SimpleFile     Unknown  Unknown
python             000055AE3B26D4C4  _PyRun_AnyFileObj     Unknown  Unknown
python             000055AE3B26E5BD  Py_RunMain            Unknown  Unknown
python             000055AE3B26E7D9  Py_BytesMain          Unknown  Unknown
libc-2.26.so       00007F5D25994F4A  __libc_start_main     Unknown  Unknown
python3.10         000055AE3B1EE5D4  Unknown               Unknown  Unknown
